Array length: 131415926
Generating random numbers...
First random element: -130884393
Copying...
Sorting...
Sort duration: 10846071 us
Min random element: -2147483639
Max random element: 2147483638
Value to find: 7982422
Value to find (exists): 7982416
Value to find (does not exist): 7982417
Searching (linear)...
  | Linear search duration: 32044 us
  |    Linear search steps: 65949073
  |    Linear search value: 7982416
Searching (linear, inexistent value)...
  | Inexistent item linear search duration: 46492 us
  |    Inexistent item linear search steps: 65949074
Searching (binary)...
  | Binary search duration: 135 us
  |    Binary search steps: 241110
  |    Binary search value: 7982416
Searching (binary, inexistent value)...
  | Inexistent item binary search duration: 117 us
  |    Inexistent item binary search steps: 241111
  